// Jest Snapshot v1, https://goo.gl/fbAQLP

exports[`renders correctly 1`] = `
<RCTSafeAreaView
  emulateUnlessSupported={true}
  style={
    Array [
      Object {
        "backgroundColor": "#fff",
        "flexBasis": 0,
        "flexGrow": 1,
        "flexShrink": 1,
      },
    ]
  }
>
  <View
    style={
      Array [
        Object {
          "alignItems": "flex-end",
          "flexDirection": "row",
          "height": 80,
          "justifyContent": "space-between",
          "marginBottom": 0,
          "marginLeft": 15,
          "marginRight": 0,
          "marginTop": 0,
        },
      ]
    }
  >
    <Text
      style={
        Object {
          "fontSize": 26,
          "fontWeight": "700",
        }
      }
    >
      Pokedex
    </Text>
    <Image
      source={
        Object {
          "testUri": "../../../src/assets/images/pokeball.png",
        }
      }
      style={
        Object {
          "height": 180,
          "position": "absolute",
          "right": -40,
          "top": -40,
          "width": 180,
        }
      }
    />
  </View>
  <View>
    <RCTSafeAreaView
      emulateUnlessSupported={true}
      style={
        Array [
          Object {
            "backgroundColor": "#ddd",
            "borderBottomWidth": 0,
            "borderColor": "#ddd",
            "borderRadius": 15,
            "borderWidth": 2,
            "height": 150,
            "marginBottom": 15,
            "marginLeft": 10,
            "marginRight": 10,
            "marginTop": 0,
            "paddingBottom": 20,
            "paddingLeft": 5,
            "paddingRight": 5,
            "paddingTop": 5,
          },
        ]
      }
    >
      <View
        onLayout={[Function]}
      >
        <View>
          <View
            style={
              Object {
                "flexDirection": "row",
                "justifyContent": "space-between",
                "margin": 5,
              }
            }
          >
            <View
              style={
                Object {
                  "position": "relative",
                }
              }
            >
              <View
                style={
                  Array [
                    Object {
                      "borderRadius": 4,
                      "height": 20,
                      "width": 120,
                    },
                    Object {
                      "backgroundColor": "#E1E9EE",
                      "overflow": "hidden",
                    },
                  ]
                }
              />
            </View>
            <View
              style={
                Object {
                  "position": "relative",
                }
              }
            >
              <View
                style={
                  Array [
                    Object {
                      "borderRadius": 4,
                      "height": 20,
                      "width": 120,
                    },
                    Object {
                      "backgroundColor": "#E1E9EE",
                      "overflow": "hidden",
                    },
                  ]
                }
              />
            </View>
          </View>
          <View
            style={
              Object {
                "flexDirection": "row",
                "justifyContent": "space-between",
                "paddingHorizontal": 30,
              }
            }
          >
            <View>
              <View
                style={
                  Object {
                    "position": "relative",
                  }
                }
              >
                <View
                  style={
                    Array [
                      Object {
                        "borderRadius": 4,
                        "height": 20,
                        "width": 80,
                      },
                      Object {
                        "backgroundColor": "#E1E9EE",
                        "overflow": "hidden",
                      },
                    ]
                  }
                />
              </View>
              <View
                style={
                  Object {
                    "position": "relative",
                  }
                }
              >
                <View
                  style={
                    Array [
                      Object {
                        "borderRadius": 4,
                        "height": 20,
                        "marginTop": 5,
                        "width": 80,
                      },
                      Object {
                        "backgroundColor": "#E1E9EE",
                        "overflow": "hidden",
                      },
                    ]
                  }
                />
              </View>
            </View>
            <View
              style={
                Object {
                  "position": "relative",
                }
              }
            >
              <View
                style={
                  Array [
                    Object {
                      "borderRadius": 50,
                      "height": 80,
                      "width": 80,
                    },
                    Object {
                      "backgroundColor": "#E1E9EE",
                      "overflow": "hidden",
                    },
                  ]
                }
              />
            </View>
          </View>
        </View>
      </View>
    </RCTSafeAreaView>
    <RCTSafeAreaView
      emulateUnlessSupported={true}
      style={
        Array [
          Object {
            "backgroundColor": "#ddd",
            "borderBottomWidth": 0,
            "borderColor": "#ddd",
            "borderRadius": 15,
            "borderWidth": 2,
            "height": 150,
            "marginBottom": 15,
            "marginLeft": 10,
            "marginRight": 10,
            "marginTop": 0,
            "paddingBottom": 20,
            "paddingLeft": 5,
            "paddingRight": 5,
            "paddingTop": 5,
          },
        ]
      }
    >
      <View
        onLayout={[Function]}
      >
        <View>
          <View
            style={
              Object {
                "flexDirection": "row",
                "justifyContent": "space-between",
                "margin": 5,
              }
            }
          >
            <View
              style={
                Object {
                  "position": "relative",
                }
              }
            >
              <View
                style={
                  Array [
                    Object {
                      "borderRadius": 4,
                      "height": 20,
                      "width": 120,
                    },
                    Object {
                      "backgroundColor": "#E1E9EE",
                      "overflow": "hidden",
                    },
                  ]
                }
              />
            </View>
            <View
              style={
                Object {
                  "position": "relative",
                }
              }
            >
              <View
                style={
                  Array [
                    Object {
                      "borderRadius": 4,
                      "height": 20,
                      "width": 120,
                    },
                    Object {
                      "backgroundColor": "#E1E9EE",
                      "overflow": "hidden",
                    },
                  ]
                }
              />
            </View>
          </View>
          <View
            style={
              Object {
                "flexDirection": "row",
                "justifyContent": "space-between",
                "paddingHorizontal": 30,
              }
            }
          >
            <View>
              <View
                style={
                  Object {
                    "position": "relative",
                  }
                }
              >
                <View
                  style={
                    Array [
                      Object {
                        "borderRadius": 4,
                        "height": 20,
                        "width": 80,
                      },
                      Object {
                        "backgroundColor": "#E1E9EE",
                        "overflow": "hidden",
                      },
                    ]
                  }
                />
              </View>
              <View
                style={
                  Object {
                    "position": "relative",
                  }
                }
              >
                <View
                  style={
                    Array [
                      Object {
                        "borderRadius": 4,
                        "height": 20,
                        "marginTop": 5,
                        "width": 80,
                      },
                      Object {
                        "backgroundColor": "#E1E9EE",
                        "overflow": "hidden",
                      },
                    ]
                  }
                />
              </View>
            </View>
            <View
              style={
                Object {
                  "position": "relative",
                }
              }
            >
              <View
                style={
                  Array [
                    Object {
                      "borderRadius": 50,
                      "height": 80,
                      "width": 80,
                    },
                    Object {
                      "backgroundColor": "#E1E9EE",
                      "overflow": "hidden",
                    },
                  ]
                }
              />
            </View>
          </View>
        </View>
      </View>
    </RCTSafeAreaView>
    <RCTSafeAreaView
      emulateUnlessSupported={true}
      style={
        Array [
          Object {
            "backgroundColor": "#ddd",
            "borderBottomWidth": 0,
            "borderColor": "#ddd",
            "borderRadius": 15,
            "borderWidth": 2,
            "height": 150,
            "marginBottom": 15,
            "marginLeft": 10,
            "marginRight": 10,
            "marginTop": 0,
            "paddingBottom": 20,
            "paddingLeft": 5,
            "paddingRight": 5,
            "paddingTop": 5,
          },
        ]
      }
    >
      <View
        onLayout={[Function]}
      >
        <View>
          <View
            style={
              Object {
                "flexDirection": "row",
                "justifyContent": "space-between",
                "margin": 5,
              }
            }
          >
            <View
              style={
                Object {
                  "position": "relative",
                }
              }
            >
              <View
                style={
                  Array [
                    Object {
                      "borderRadius": 4,
                      "height": 20,
                      "width": 120,
                    },
                    Object {
                      "backgroundColor": "#E1E9EE",
                      "overflow": "hidden",
                    },
                  ]
                }
              />
            </View>
            <View
              style={
                Object {
                  "position": "relative",
                }
              }
            >
              <View
                style={
                  Array [
                    Object {
                      "borderRadius": 4,
                      "height": 20,
                      "width": 120,
                    },
                    Object {
                      "backgroundColor": "#E1E9EE",
                      "overflow": "hidden",
                    },
                  ]
                }
              />
            </View>
          </View>
          <View
            style={
              Object {
                "flexDirection": "row",
                "justifyContent": "space-between",
                "paddingHorizontal": 30,
              }
            }
          >
            <View>
              <View
                style={
                  Object {
                    "position": "relative",
                  }
                }
              >
                <View
                  style={
                    Array [
                      Object {
                        "borderRadius": 4,
                        "height": 20,
                        "width": 80,
                      },
                      Object {
                        "backgroundColor": "#E1E9EE",
                        "overflow": "hidden",
                      },
                    ]
                  }
                />
              </View>
              <View
                style={
                  Object {
                    "position": "relative",
                  }
                }
              >
                <View
                  style={
                    Array [
                      Object {
                        "borderRadius": 4,
                        "height": 20,
                        "marginTop": 5,
                        "width": 80,
                      },
                      Object {
                        "backgroundColor": "#E1E9EE",
                        "overflow": "hidden",
                      },
                    ]
                  }
                />
              </View>
            </View>
            <View
              style={
                Object {
                  "position": "relative",
                }
              }
            >
              <View
                style={
                  Array [
                    Object {
                      "borderRadius": 50,
                      "height": 80,
                      "width": 80,
                    },
                    Object {
                      "backgroundColor": "#E1E9EE",
                      "overflow": "hidden",
                    },
                  ]
                }
              />
            </View>
          </View>
        </View>
      </View>
    </RCTSafeAreaView>
    <RCTSafeAreaView
      emulateUnlessSupported={true}
      style={
        Array [
          Object {
            "backgroundColor": "#ddd",
            "borderBottomWidth": 0,
            "borderColor": "#ddd",
            "borderRadius": 15,
            "borderWidth": 2,
            "height": 150,
            "marginBottom": 15,
            "marginLeft": 10,
            "marginRight": 10,
            "marginTop": 0,
            "paddingBottom": 20,
            "paddingLeft": 5,
            "paddingRight": 5,
            "paddingTop": 5,
          },
        ]
      }
    >
      <View
        onLayout={[Function]}
      >
        <View>
          <View
            style={
              Object {
                "flexDirection": "row",
                "justifyContent": "space-between",
                "margin": 5,
              }
            }
          >
            <View
              style={
                Object {
                  "position": "relative",
                }
              }
            >
              <View
                style={
                  Array [
                    Object {
                      "borderRadius": 4,
                      "height": 20,
                      "width": 120,
                    },
                    Object {
                      "backgroundColor": "#E1E9EE",
                      "overflow": "hidden",
                    },
                  ]
                }
              />
            </View>
            <View
              style={
                Object {
                  "position": "relative",
                }
              }
            >
              <View
                style={
                  Array [
                    Object {
                      "borderRadius": 4,
                      "height": 20,
                      "width": 120,
                    },
                    Object {
                      "backgroundColor": "#E1E9EE",
                      "overflow": "hidden",
                    },
                  ]
                }
              />
            </View>
          </View>
          <View
            style={
              Object {
                "flexDirection": "row",
                "justifyContent": "space-between",
                "paddingHorizontal": 30,
              }
            }
          >
            <View>
              <View
                style={
                  Object {
                    "position": "relative",
                  }
                }
              >
                <View
                  style={
                    Array [
                      Object {
                        "borderRadius": 4,
                        "height": 20,
                        "width": 80,
                      },
                      Object {
                        "backgroundColor": "#E1E9EE",
                        "overflow": "hidden",
                      },
                    ]
                  }
                />
              </View>
              <View
                style={
                  Object {
                    "position": "relative",
                  }
                }
              >
                <View
                  style={
                    Array [
                      Object {
                        "borderRadius": 4,
                        "height": 20,
                        "marginTop": 5,
                        "width": 80,
                      },
                      Object {
                        "backgroundColor": "#E1E9EE",
                        "overflow": "hidden",
                      },
                    ]
                  }
                />
              </View>
            </View>
            <View
              style={
                Object {
                  "position": "relative",
                }
              }
            >
              <View
                style={
                  Array [
                    Object {
                      "borderRadius": 50,
                      "height": 80,
                      "width": 80,
                    },
                    Object {
                      "backgroundColor": "#E1E9EE",
                      "overflow": "hidden",
                    },
                  ]
                }
              />
            </View>
          </View>
        </View>
      </View>
    </RCTSafeAreaView>
  </View>
</RCTSafeAreaView>
`;
